([]string) (len=1 cap=4) {
 (string) (len=13) "whousescpanel"
}
